Loading conda_R/4.4
Loading required package: SingleCellExperiment
Loading required package: SummarizedExperiment
Loading required package: MatrixGenerics
Loading required package: matrixStats

Attaching package: ‘MatrixGenerics’

The following objects are masked from ‘package:matrixStats’:

    colAlls, colAnyNAs, colAnys, colAvgsPerRowSet, colCollapse,
    colCounts, colCummaxs, colCummins, colCumprods, colCumsums,
    colDiffs, colIQRDiffs, colIQRs, colLogSumExps, colMadDiffs,
    colMads, colMaxs, colMeans2, colMedians, colMins, colOrderStats,
    colProds, colQuantiles, colRanges, colRanks, colSdDiffs, colSds,
    colSums2, colTabulates, colVarDiffs, colVars, colWeightedMads,
    colWeightedMeans, colWeightedMedians, colWeightedSds,
    colWeightedVars, rowAlls, rowAnyNAs, rowAnys, rowAvgsPerColSet,
    rowCollapse, rowCounts, rowCummaxs, rowCummins, rowCumprods,
    rowCumsums, rowDiffs, rowIQRDiffs, rowIQRs, rowLogSumExps,
    rowMadDiffs, rowMads, rowMaxs, rowMeans2, rowMedians, rowMins,
    rowOrderStats, rowProds, rowQuantiles, rowRanges, rowRanks,
    rowSdDiffs, rowSds, rowSums2, rowTabulates, rowVarDiffs, rowVars,
    rowWeightedMads, rowWeightedMeans, rowWeightedMedians,
    rowWeightedSds, rowWeightedVars

Loading required package: GenomicRanges
Loading required package: stats4
Loading required package: BiocGenerics

Attaching package: ‘BiocGenerics’

The following objects are masked from ‘package:stats’:

    IQR, mad, sd, var, xtabs

The following objects are masked from ‘package:base’:

    anyDuplicated, aperm, append, as.data.frame, basename, cbind,
    colnames, dirname, do.call, duplicated, eval, evalq, Filter, Find,
    get, grep, grepl, intersect, is.unsorted, lapply, Map, mapply,
    match, mget, order, paste, pmax, pmax.int, pmin, pmin.int,
    Position, rank, rbind, Reduce, rownames, sapply, setdiff, table,
    tapply, union, unique, unsplit, which.max, which.min

Loading required package: S4Vectors

Attaching package: ‘S4Vectors’

The following objects are masked from ‘package:data.table’:

    first, second

The following object is masked from ‘package:utils’:

    findMatches

The following objects are masked from ‘package:base’:

    expand.grid, I, unname

Loading required package: IRanges

Attaching package: ‘IRanges’

The following object is masked from ‘package:data.table’:

    shift

Loading required package: GenomeInfoDb
Loading required package: Biobase
Welcome to Bioconductor

    Vignettes contain introductory material; view with
    'browseVignettes()'. To cite Bioconductor, see
    'citation("Biobase")', and for packages 'citation("pkgname")'.


Attaching package: ‘Biobase’

The following object is masked from ‘package:MatrixGenerics’:

    rowMedians

The following objects are masked from ‘package:matrixStats’:

    anyMissing, rowMedians

here() starts at /dcs05/lieber/marmaypag/LFF_spatialLC_LIBD4140/LFF_xenium_LC
Computing neighbors...
Spatial mode is kNN_median
Parameters: k_geom=30
Done
Computing neighbors...
Spatial mode is kNN_median
Parameters: k_geom=30
Done
Computing harmonic m = 0
Using 30 neighbors
Done
Computing harmonic m = 1
Using 30 neighbors
Centering
Done
Warning message:
In asMethod(object) :
  sparse->dense coercion: allocating vector of size 1.4 GiB
Scaling normcounts
Group: sample01.1
Group: sample01.2
Group: sample01.3
Group: sample01.4
Group: sample01.5
Group: sample01.6
Group: sample01.7
Group: sample01.9
Group: sample01.10
Group: sample01.11
Group: sample01.12
Group: sample01.13
Group: sample01.14
Group: sample01.15
Group: sample01.16
Group: sample01.17
Group: sample01.18
Group: sample01.19
Group: sample01.20
Group: sample01.21
Group: sample01.22
Group: sample01.23
Group: sample01.24
Group: sample01.25
Group: sample01.26
Group: sample01.27
Group: sample01.28
Group: sample01.29
Group: sample01.30
Group: sample01.31
Group: sample01.32
Group: sample01.33
Scaling harmonic m = 0
Group: sample01.1
Group: sample01.2
Group: sample01.3
Group: sample01.4
Group: sample01.5
Group: sample01.6
Group: sample01.7
Group: sample01.9
Group: sample01.10
Group: sample01.11
Group: sample01.12
Group: sample01.13
Group: sample01.14
Group: sample01.15
Group: sample01.16
Group: sample01.17
Group: sample01.18
Group: sample01.19
Group: sample01.20
Group: sample01.21
Group: sample01.22
Group: sample01.23
Group: sample01.24
Group: sample01.25
Group: sample01.26
Group: sample01.27
Group: sample01.28
Group: sample01.29
Group: sample01.30
Group: sample01.31
Group: sample01.32
Group: sample01.33
Scaling harmonic m = 1
Group: sample01.1
Group: sample01.2
Group: sample01.3
Group: sample01.4
Group: sample01.5
Group: sample01.6
Group: sample01.7
Group: sample01.9
Group: sample01.10
Group: sample01.11
Group: sample01.12
Group: sample01.13
Group: sample01.14
Group: sample01.15
Group: sample01.16
Group: sample01.17
Group: sample01.18
Group: sample01.19
Group: sample01.20
Group: sample01.21
Group: sample01.22
Group: sample01.23
Group: sample01.24
Group: sample01.25
Group: sample01.26
Group: sample01.27
Group: sample01.28
Group: sample01.29
Group: sample01.30
Group: sample01.31
Group: sample01.32
Group: sample01.33
Using seed=42
Warning message:
In asMethod(object) :
  sparse->dense coercion: allocating vector of size 1.4 GiB
Using seed=42
Warning message:
In as.data.frame.DataFrame(x, ...) : arguments in '...' ignored
